C:\wrkIntellij\clinica_api\src\main\java\br\com\clinica\api\model\pessoa\UnidadeFederativa.java
C:\wrkIntellij\clinica_api\src\main\java\br\com\clinica\api\agenda\ListaAgendamentoDTO.java
C:\wrkIntellij\clinica_api\src\main\java\br\com\clinica\api\profissionais\DadosCadastroProfissional.java
C:\wrkIntellij\clinica_api\src\main\java\br\com\clinica\api\profissionais\ProfissionalRepository.java
C:\wrkIntellij\clinica_api\src\main\java\br\com\clinica\api\agenda\Agendamento.java
C:\wrkIntellij\clinica_api\src\main\java\br\com\clinica\api\agenda\DadosAgendamento.java
C:\wrkIntellij\clinica_api\src\main\java\br\com\clinica\api\model\pessoa\PessoaDTO.java
C:\wrkIntellij\clinica_api\src\main\java\br\com\clinica\api\pacientes\PacienteRepository.java
C:\wrkIntellij\clinica_api\src\main\java\br\com\clinica\api\profissionais\ListaProfissionalDTO.java
C:\wrkIntellij\clinica_api\src\main\java\br\com\clinica\api\profissionais\ProfissionalController.java
C:\wrkIntellij\clinica_api\src\main\java\br\com\clinica\api\model\pessoa\DadosEndereco.java
C:\wrkIntellij\clinica_api\src\main\java\br\com\clinica\api\pacientes\Paciente.java
C:\wrkIntellij\clinica_api\src\main\java\br\com\clinica\api\pacientes\ListaPacienteDTO.java
C:\wrkIntellij\clinica_api\src\main\java\br\com\clinica\api\CliniciaApplication.java
C:\wrkIntellij\clinica_api\src\main\java\br\com\clinica\api\agenda\AgendamentoRepository.java
C:\wrkIntellij\clinica_api\src\main\java\br\com\clinica\api\pacientes\PacienteController.java
C:\wrkIntellij\clinica_api\src\main\java\br\com\clinica\api\profissionais\Especialidade.java
C:\wrkIntellij\clinica_api\src\main\java\br\com\clinica\api\pacientes\DadosCadastroPaciente.java
C:\wrkIntellij\clinica_api\src\main\java\br\com\clinica\api\agenda\AgendamentoController.java
C:\wrkIntellij\clinica_api\src\main\java\br\com\clinica\api\model\pessoa\Endereco.java
C:\wrkIntellij\clinica_api\src\main\java\br\com\clinica\api\profissionais\Profissional.java
C:\wrkIntellij\clinica_api\src\main\java\br\com\clinica\api\model\pessoa\Pessoa.java
